// Jest Snapshot v1, https://goo.gl/fbAQLP

exports[`<CreateUser> ~~snapshot 1`] = `
<div>
  <div
    className="col-lg-6 col-lg-offset-3 col-md-6 col-md-offset-3 col-sm-10 col-sm-offset-1 col-xs-10 col-xs-offset-1"
  >
    <div
      className="panel panel-primary"
      id={undefined}
    >
      <div
        className="panel-body"
      >
        <div
          className="form-group"
        >
          <div
            className="margin-bottom-5 col-lg-4 col-md-4 col-sm-2 col-xs-2"
          >
            <label
              className="control-label"
              htmlFor={undefined}
            >
              Username: 
            </label>
          </div>
          <div
            className="margin-bottom-5 col-lg-8 col-md-8 col-sm-10 col-xs-10"
          >
            <input
              className="form-control"
              id={undefined}
              onChange={[Function]}
              placeholder="Username"
              type="text"
            />
          </div>
        </div>
        <div
          className="form-group"
        >
          <div
            className="margin-bottom-5 col-lg-4 col-md-4 col-sm-2 col-xs-2"
          >
            <label
              className="control-label"
              htmlFor={undefined}
            >
              Password: 
            </label>
          </div>
          <div
            className="margin-bottom-5 col-lg-8 col-md-8 col-sm-10 col-xs-10"
          >
            <input
              className="form-control"
              id={undefined}
              onChange={[Function]}
              placeholder="Password"
              type="password"
            />
          </div>
        </div>
        <div
          className="form-group"
        >
          <div
            className="margin-bottom-5 col-lg-4 col-md-4 col-sm-2 col-xs-2"
          >
            <label
              className="control-label"
              htmlFor={undefined}
            >
              Confirm Password: 
            </label>
          </div>
          <div
            className="margin-bottom-5 col-lg-8 col-md-8 col-sm-10 col-xs-10"
          >
            <input
              className="form-control"
              id={undefined}
              onChange={[Function]}
              placeholder="Confirm Password"
              type="password"
            />
          </div>
        </div>
        <button
          className="btn-primary btn btn-default btn-block"
          disabled={true}
          onClick={[Function]}
          type="button"
        >
          Create 
        </button>
      </div>
    </div>
  </div>
  <div
    className="col-lg-3 col-lg-offset-0 col-md-3 col-md-offset-0 col-sm-10 col-sm-offset-1 col-xs-10 col-xs-offset-1"
  >
    <div
      className="panel panel-danger"
      id={undefined}
    >
      <div
        className="panel-heading"
      >
        Please fix:
      </div>
      <div
        className="panel-body"
      >
        <ul
          className="errors"
        >
          <li
            className="errors"
          >
            error
          </li>
        </ul>
      </div>
    </div>
  </div>
</div>
`;
